2026-06-07 15:32:18,119 INFO o.a.j.u.JMeterUtils: Setting Locale to en_EN
2026-06-07 15:32:18,131 INFO o.a.j.JMeter: Loading user properties from: /home/user/apache-jmeter-5.6.3/bin/user.properties
2026-06-07 15:32:18,132 INFO o.a.j.JMeter: Loading system properties from: /home/user/apache-jmeter-5.6.3/bin/system.properties
2026-06-07 15:32:18,132 INFO o.a.j.JMeter: Setting JMeter property: THREADS=10
2026-06-07 15:32:18,132 INFO o.a.j.JMeter: Setting JMeter property: DURATION=30
2026-06-07 15:32:18,132 INFO o.a.j.JMeter: Setting JMeter property: SN_HOST=localhost
2026-06-07 15:32:18,132 INFO o.a.j.JMeter: Setting JMeter property: SN_PORT=8000
2026-06-07 15:32:18,132 INFO o.a.j.JMeter: Setting JMeter property: CHAT_HOST=localhost
2026-06-07 15:32:18,132 INFO o.a.j.JMeter: Setting JMeter property: CHAT_PORT=8001
2026-06-07 15:32:18,136 INFO o.a.j.JMeter: Copyright (c) 1998-2024 The Apache Software Foundation
2026-06-07 15:32:18,136 INFO o.a.j.JMeter: Version 5.6.3
2026-06-07 15:32:18,136 INFO o.a.j.JMeter: java.version=21.0.11
2026-06-07 15:32:18,136 INFO o.a.j.JMeter: java.vm.name=OpenJDK 64-Bit Server VM
2026-06-07 15:32:18,136 INFO o.a.j.JMeter: os.name=Linux
2026-06-07 15:32:18,136 INFO o.a.j.JMeter: os.arch=amd64
2026-06-07 15:32:18,136 INFO o.a.j.JMeter: os.version=6.8.0-117-generic
2026-06-07 15:32:18,136 INFO o.a.j.JMeter: file.encoding=UTF-8
2026-06-07 15:32:18,136 INFO o.a.j.JMeter: java.awt.headless=true
2026-06-07 15:32:18,137 INFO o.a.j.JMeter: Max memory     =1073741824
2026-06-07 15:32:18,137 INFO o.a.j.JMeter: Available Processors =6
2026-06-07 15:32:18,143 INFO o.a.j.JMeter: Default Locale=English (EN)
2026-06-07 15:32:18,143 INFO o.a.j.JMeter: JMeter  Locale=English (EN)
2026-06-07 15:32:18,143 INFO o.a.j.JMeter: JMeterHome=/home/user/apache-jmeter-5.6.3
2026-06-07 15:32:18,143 INFO o.a.j.JMeter: user.dir  =/home/user/projects/otus-highload
2026-06-07 15:32:18,143 INFO o.a.j.JMeter: PWD       =/home/user/projects/otus-highload
2026-06-07 15:32:18,143 INFO o.a.j.JMeter: IP: 127.0.1.1 Name: DUbuntu22-GO FullName: DUbuntu22-GO
2026-06-07 15:32:18,153 INFO o.a.j.s.FileServer: Default base='/home/user/projects/otus-highload'
2026-06-07 15:32:18,155 INFO o.a.j.s.FileServer: Set new base='/home/user/projects/otus-highload/jmeter'
2026-06-07 15:32:18,284 INFO o.a.j.s.SaveService: Testplan (JMX) version: 2.2. Testlog (JTL) version: 2.2
2026-06-07 15:32:18,304 INFO o.a.j.s.SaveService: Using SaveService properties version 5.0
2026-06-07 15:32:18,307 INFO o.a.j.s.SaveService: Using SaveService properties file encoding UTF-8
2026-06-07 15:32:18,309 INFO o.a.j.s.SaveService: Loading file: /home/user/projects/otus-highload/jmeter/dialog_load_test.jmx
2026-06-07 15:32:18,349 INFO o.a.j.p.h.s.HTTPSamplerBase: Parser for text/html is org.apache.jmeter.protocol.http.parser.LagartoBasedHtmlParser
2026-06-07 15:32:18,349 INFO o.a.j.p.h.s.HTTPSamplerBase: Parser for application/xhtml+xml is org.apache.jmeter.protocol.http.parser.LagartoBasedHtmlParser
2026-06-07 15:32:18,349 INFO o.a.j.p.h.s.HTTPSamplerBase: Parser for application/xml is org.apache.jmeter.protocol.http.parser.LagartoBasedHtmlParser
2026-06-07 15:32:18,349 INFO o.a.j.p.h.s.HTTPSamplerBase: Parser for text/xml is org.apache.jmeter.protocol.http.parser.LagartoBasedHtmlParser
2026-06-07 15:32:18,349 INFO o.a.j.p.h.s.HTTPSamplerBase: Parser for text/vnd.wap.wml is org.apache.jmeter.protocol.http.parser.RegexpHTMLParser
2026-06-07 15:32:18,350 INFO o.a.j.p.h.s.HTTPSamplerBase: Parser for text/css is org.apache.jmeter.protocol.http.parser.CssParser
2026-06-07 15:32:18,374 INFO o.a.j.JMeter: Creating summariser <summary>
2026-06-07 15:32:18,382 INFO o.a.j.e.StandardJMeterEngine: Running the test!
2026-06-07 15:32:18,383 INFO o.a.j.s.SampleEvent: List of sample_variables: []
2026-06-07 15:32:18,383 INFO o.a.j.s.SampleEvent: List of sample_variables: []
2026-06-07 15:32:18,386 INFO o.a.j.e.u.CompoundVariable: Note: Function class names must contain the string: '.functions.'
2026-06-07 15:32:18,387 INFO o.a.j.e.u.CompoundVariable: Note: Function class names must not contain the string: '.gui.'
2026-06-07 15:32:18,447 INFO o.a.j.JMeter: Running test (1780835538447)
2026-06-07 15:32:18,477 INFO o.a.j.e.StandardJMeterEngine: Starting ThreadGroup: 1 : Load: 10 senders × 100 recipients
2026-06-07 15:32:18,477 INFO o.a.j.e.StandardJMeterEngine: Starting 10 threads for group Load: 10 senders × 100 recipients.
2026-06-07 15:32:18,477 INFO o.a.j.e.StandardJMeterEngine: Thread will continue on error
2026-06-07 15:32:18,478 INFO o.a.j.t.ThreadGroup: Starting thread group... number=1 threads=10 ramp-up=5 delayedStart=false
2026-06-07 15:32:18,492 INFO o.a.j.t.ThreadGroup: Started thread group number 1
2026-06-07 15:32:18,492 INFO o.a.j.e.StandardJMeterEngine: All thread groups have been started
2026-06-07 15:32:18,525 INFO o.a.j.t.JMeterThread: Thread started: Load: 10 senders × 100 recipients 1-1
2026-06-07 15:32:18,527 INFO o.a.j.s.FileServer: Stored: data/dialog_users.csv Alias: data/dialog_users.csv@1138244673
2026-06-07 15:32:18,544 INFO o.a.j.p.h.s.HTTPHCAbstractImpl: Local host = DUbuntu22-GO
2026-06-07 15:32:18,548 INFO o.a.j.p.h.s.HTTPHC4Impl: HTTP request retry count = 0
2026-06-07 15:32:18,549 INFO o.a.j.s.SampleResult: Note: Sample TimeStamps are START times
2026-06-07 15:32:18,549 INFO o.a.j.s.SampleResult: sampleresult.default.encoding is set to UTF-8
2026-06-07 15:32:18,549 INFO o.a.j.s.SampleResult: sampleresult.useNanoTime=true
2026-06-07 15:32:18,550 INFO o.a.j.s.SampleResult: sampleresult.nanoThreadSleep=5000
2026-06-07 15:32:19,022 INFO o.a.j.t.JMeterThread: Thread started: Load: 10 senders × 100 recipients 1-2
2026-06-07 15:32:19,023 INFO o.a.j.s.FileServer: Stored: data/dialog_users.csv Alias: data/dialog_users.csv@924448504
2026-06-07 15:32:19,520 INFO o.a.j.t.JMeterThread: Thread started: Load: 10 senders × 100 recipients 1-3
2026-06-07 15:32:19,520 INFO o.a.j.s.FileServer: Stored: data/dialog_users.csv Alias: data/dialog_users.csv@1053382611
2026-06-07 15:32:20,020 INFO o.a.j.t.JMeterThread: Thread started: Load: 10 senders × 100 recipients 1-4
2026-06-07 15:32:20,020 INFO o.a.j.s.FileServer: Stored: data/dialog_users.csv Alias: data/dialog_users.csv@1128974524
2026-06-07 15:32:20,519 INFO o.a.j.t.JMeterThread: Thread started: Load: 10 senders × 100 recipients 1-5
2026-06-07 15:32:20,520 INFO o.a.j.s.FileServer: Stored: data/dialog_users.csv Alias: data/dialog_users.csv@1045206431
2026-06-07 15:32:21,016 INFO o.a.j.t.JMeterThread: Thread started: Load: 10 senders × 100 recipients 1-6
2026-06-07 15:32:21,016 INFO o.a.j.s.FileServer: Stored: data/dialog_users.csv Alias: data/dialog_users.csv@1378488382
2026-06-07 15:32:21,515 INFO o.a.j.t.JMeterThread: Thread started: Load: 10 senders × 100 recipients 1-7
2026-06-07 15:32:21,516 INFO o.a.j.s.FileServer: Stored: data/dialog_users.csv Alias: data/dialog_users.csv@1478827323
2026-06-07 15:32:22,013 INFO o.a.j.t.JMeterThread: Thread started: Load: 10 senders × 100 recipients 1-8
2026-06-07 15:32:22,014 INFO o.a.j.s.FileServer: Stored: data/dialog_users.csv Alias: data/dialog_users.csv@1986213518
2026-06-07 15:32:22,513 INFO o.a.j.t.JMeterThread: Thread started: Load: 10 senders × 100 recipients 1-9
2026-06-07 15:32:22,513 INFO o.a.j.s.FileServer: Stored: data/dialog_users.csv Alias: data/dialog_users.csv@314899009
2026-06-07 15:32:23,013 INFO o.a.j.t.JMeterThread: Thread started: Load: 10 senders × 100 recipients 1-10
2026-06-07 15:32:23,014 INFO o.a.j.s.FileServer: Stored: data/dialog_users.csv Alias: data/dialog_users.csv@965679939
2026-06-07 15:32:30,003 INFO o.a.j.r.Summariser: summary +  71862 in 00:00:12 = 6219.7/s Avg:     1 Min:     0 Max:   336 Err:     0 (0.00%) Active: 10 Started: 10 Finished: 0
2026-06-07 15:32:48,478 INFO o.a.j.t.JMeterThread: Stopping because end time detected by thread: Load: 10 senders × 100 recipients 1-1
2026-06-07 15:32:48,478 INFO o.a.j.t.JMeterThread: Thread finished: Load: 10 senders × 100 recipients 1-1
2026-06-07 15:32:48,482 INFO o.a.j.t.JMeterThread: Stopping because end time detected by thread: Load: 10 senders × 100 recipients 1-2
2026-06-07 15:32:48,482 INFO o.a.j.t.JMeterThread: Thread finished: Load: 10 senders × 100 recipients 1-2
2026-06-07 15:32:48,484 INFO o.a.j.t.JMeterThread: Stopping because end time detected by thread: Load: 10 senders × 100 recipients 1-3
2026-06-07 15:32:48,484 INFO o.a.j.t.JMeterThread: Thread finished: Load: 10 senders × 100 recipients 1-3
2026-06-07 15:32:48,486 INFO o.a.j.t.JMeterThread: Stopping because end time detected by thread: Load: 10 senders × 100 recipients 1-5
2026-06-07 15:32:48,486 INFO o.a.j.t.JMeterThread: Stopping because end time detected by thread: Load: 10 senders × 100 recipients 1-4
2026-06-07 15:32:48,486 INFO o.a.j.t.JMeterThread: Thread finished: Load: 10 senders × 100 recipients 1-5
2026-06-07 15:32:48,486 INFO o.a.j.t.JMeterThread: Thread finished: Load: 10 senders × 100 recipients 1-4
2026-06-07 15:32:48,488 INFO o.a.j.t.JMeterThread: Stopping because end time detected by thread: Load: 10 senders × 100 recipients 1-6
2026-06-07 15:32:48,489 INFO o.a.j.t.JMeterThread: Thread finished: Load: 10 senders × 100 recipients 1-6
2026-06-07 15:32:48,489 INFO o.a.j.t.JMeterThread: Stopping because end time detected by thread: Load: 10 senders × 100 recipients 1-7
2026-06-07 15:32:48,489 INFO o.a.j.t.JMeterThread: Thread finished: Load: 10 senders × 100 recipients 1-7
2026-06-07 15:32:48,490 INFO o.a.j.t.JMeterThread: Stopping because end time detected by thread: Load: 10 senders × 100 recipients 1-9
2026-06-07 15:32:48,490 INFO o.a.j.t.JMeterThread: Stopping because end time detected by thread: Load: 10 senders × 100 recipients 1-8
2026-06-07 15:32:48,490 INFO o.a.j.t.JMeterThread: Thread finished: Load: 10 senders × 100 recipients 1-9
2026-06-07 15:32:48,491 INFO o.a.j.t.JMeterThread: Thread finished: Load: 10 senders × 100 recipients 1-8
2026-06-07 15:32:48,491 INFO o.a.j.t.JMeterThread: Stopping because end time detected by thread: Load: 10 senders × 100 recipients 1-10
2026-06-07 15:32:48,491 INFO o.a.j.t.JMeterThread: Thread finished: Load: 10 senders × 100 recipients 1-10
2026-06-07 15:32:48,492 INFO o.a.j.e.StandardJMeterEngine: Notifying test listeners of end of test
2026-06-07 15:32:48,492 INFO o.a.j.s.FileServer: Close: data/dialog_users.csv@1138244673
2026-06-07 15:32:48,492 INFO o.a.j.s.FileServer: Close: data/dialog_users.csv@924448504
2026-06-07 15:32:48,492 INFO o.a.j.s.FileServer: Close: data/dialog_users.csv@1045206431
2026-06-07 15:32:48,492 INFO o.a.j.s.FileServer: Close: data/dialog_users.csv@1478827323
2026-06-07 15:32:48,492 INFO o.a.j.s.FileServer: Close: data/dialog_users.csv@965679939
2026-06-07 15:32:48,492 INFO o.a.j.s.FileServer: Close: data/dialog_users.csv@1128974524
2026-06-07 15:32:48,492 INFO o.a.j.s.FileServer: Close: data/dialog_users.csv@1986213518
2026-06-07 15:32:48,492 INFO o.a.j.s.FileServer: Close: data/dialog_users.csv@1053382611
2026-06-07 15:32:48,492 INFO o.a.j.s.FileServer: Close: data/dialog_users.csv@1378488382
2026-06-07 15:32:48,492 INFO o.a.j.s.FileServer: Close: data/dialog_users.csv@314899009
2026-06-07 15:32:48,493 INFO o.a.j.r.Summariser: summary + 132761 in 00:00:18 = 7179.4/s Avg:     1 Min:     0 Max:    10 Err:     0 (0.00%) Active: 0 Started: 10 Finished: 10
2026-06-07 15:32:48,493 INFO o.a.j.r.Summariser: summary = 204623 in 00:00:30 = 6810.3/s Avg:     1 Min:     0 Max:   336 Err:     0 (0.00%)
